// Jest Snapshot v1, https://goo.gl/fbAQLP

exports[`HomePage component WHEN the component is render THEN should display HomePage component 1`] = `
<div
  className="home-page"
>
  Home Page
</div>
`;
