// Jest Snapshot v1, https://goo.gl/fbAQLP

exports[`ProductPage component WHEN the Product component is render THEN should display Product component 1`] = `
<div
  className="product-container"
>
  <div
    className="product-content"
  >
    <img
      alt="iPhone 11 64 Gb Blanco"
      className="product-image product-responsive"
    />
    <div
      className="product-section product-responsive"
    >
      <div
        className="product-condition"
      >
         - 
         vendidos
      </div>
      <h1
        className="product-title"
      >
        iPhone 11 64 Gb Blanco
      </h1>
      <div
        className="product-amount"
      >
        $ 123,456
      </div>
      <div
        className="product-button"
      >
        <div
          className="product-button-content"
        >
          Comprar
        </div>
      </div>
    </div>
  </div>
  <h2
    className="product-description-title"
  >
    Descripcion del producto
  </h2>
  <div
    className="product-description product-responsive"
  />
</div>
`;
